debuggroup summary 0.26s welcome to circos v0.69-6 31 July 2017 on Perl 5.024001
debuggroup summary 0.26s current working directory /
debuggroup summary 0.26s command /opt/tools/circos/0.69.6/bin/circos -nosvg -conf /data/output/circos/COLO829v003T.input.conf -outputdir /data/output/plot -outputfile COLO829v003T.input.png
debuggroup summary 0.26s loading configuration from file /data/output/circos/COLO829v003T.input.conf
debuggroup summary 0.26s found conf file /data/output/circos/COLO829v003T.input.conf
debuggroup summary 0.45s debug will appear for these features: output,summary
debuggroup summary 0.45s bitmap output image /data/output/plot/COLO829v003T.input.png
debuggroup summary 0.45s parsing karyotype and organizing ideograms
debuggroup summary 0.57s karyotype has 24 chromosomes of total size 3,095,677,436
debuggroup summary 0.58s applying global and local scaling
debuggroup summary 0.59s allocating image, colors and brushes
debuggroup summary 10.12s drawing 24 ideograms of total size 3,095,677,436
debuggroup summary 10.12s drawing highlights and ideograms
debuggroup summary 10.12s found conf file /opt/tools/circos/0.69.6/bin/../etc/tracks/highlight.bg.conf
debuggroup summary 10.12s process track_0 highlight /data/output/circos/gaps.txt
debuggroup summary 10.21s found conf file /opt/tools/circos/0.69.6/bin/../etc/tracks/scatter.conf
debuggroup summary 10.21s found conf file /opt/tools/circos/0.69.6/bin/../etc/tracks/scatter.conf
debuggroup summary 10.21s found conf file /opt/tools/circos/0.69.6/bin/../etc/tracks/scatter.conf
debuggroup summary 10.22s processing track_0 scatter /data/output/circos/COLO829v003T.ratio.circos
debuggroup summary 10.23s processing track_1 scatter /data/output/circos/COLO829v003R.ratio.circos
debuggroup summary 10.25s processing track_2 scatter /data/output/circos/COLO829v003T.baf.circos
debuggroup summary 10.27s drawing track_0 scatter z 0 COLO829v003T.ratio.circos orient out
debuggroup summary 10.28s found conf file /opt/tools/circos/0.69.6/bin/../etc/tracks/axis.conf
debuggroup summary 10.44s drawing track_1 scatter z 0 COLO829v003R.ratio.circos orient out
debuggroup summary 10.45s found conf file /opt/tools/circos/0.69.6/bin/../etc/tracks/axis.conf
debuggroup summary 10.49s drawing track_2 scatter z 0 COLO829v003T.baf.circos orient out
debuggroup summary 10.49s found conf file /opt/tools/circos/0.69.6/bin/../etc/tracks/axis.conf
debuggroup output 10.63s generating output
debuggroup output 11.30s created PNG image /data/output/plot/COLO829v003T.input.png (448 kb)
